Au caractŠre Ligne:1 : 170
+ ... g -TimeoutSec 6).StatusCode } catch { Write-Output ('ERR: ' + /bin/ba ...
+                                                                  ~
Vous devez indiquer une expression de valeur aprŠs l'op‚rateur ®ÿ+ÿ¯.
Au caractŠre Ligne:1 : 172
+ ... -TimeoutSec 6).StatusCode } catch { Write-Output ('ERR: ' + /bin/bash ...
+                                                                  ~
Vous devez indiquer une expression de valeur aprŠs l'op‚rateur ®ÿ/ÿ¯.
Au caractŠre Ligne:1 : 172
+ ... } catch { Write-Output ('ERR: ' + /bin/bash.Exception.Message) }; Wri ...
+                                        ~~~~~~~~~~~~~~~~~~~~~~~~~~
Jeton inattendu ®ÿbin/bash.Exception.Messageÿ¯ dans l'expression ou l'instruction.
Au caractŠre Ligne:1 : 172
+ ... -TimeoutSec 6).StatusCode } catch { Write-Output ('ERR: ' + /bin/bash ...
+                                                                  ~
ParenthŠse fermante ®ÿ)ÿ¯ manquante dans l'expression.
Au caractŠre Ligne:1 : 145
+ ... /health' -UseBasicParsing -TimeoutSec 6).StatusCode } catch { Write-O ...
+                                                                 ~
Accolade fermante ®ÿ}ÿ¯ manquante dans le bloc d'instruction ou d‚finition du type manquante.
Au caractŠre Ligne:1 : 198
+ ...  catch { Write-Output ('ERR: ' + /bin/bash.Exception.Message) }; Writ ...
+                                                                 ~
Jeton inattendu ®ÿ)ÿ¯ dans l'expression ou l'instruction.
Au caractŠre Ligne:1 : 200
+ ... atch { Write-Output ('ERR: ' + /bin/bash.Exception.Message) }; Write- ...
+                                                                 ~
Jeton inattendu ®ÿ}ÿ¯ dans l'expression ou l'instruction.
Au caractŠre Ligne:1 : 372
+ ... g -TimeoutSec 6).StatusCode } catch { Write-Output ('ERR: ' + /bin/ba ...
+                                                                  ~
Vous devez indiquer une expression de valeur aprŠs l'op‚rateur ®ÿ+ÿ¯.
Au caractŠre Ligne:1 : 374
+ ... -TimeoutSec 6).StatusCode } catch { Write-Output ('ERR: ' + /bin/bash ...
+                                                                  ~
Vous devez indiquer une expression de valeur aprŠs l'op‚rateur ®ÿ/ÿ¯.
Au caractŠre Ligne:1 : 374
+ ... } catch { Write-Output ('ERR: ' + /bin/bash.Exception.Message) }; Wri ...
+                                        ~~~~~~~~~~~~~~~~~~~~~~~~~~
Jeton inattendu ®ÿbin/bash.Exception.Messageÿ¯ dans l'expression ou l'instruction.
Les erreurs d'analyse n'ont pas toutes ‚t‚ signal‚es. Corrigez les erreurs signal‚es, puis recommencez.
    + CategoryInfo          : ParserError: (:) [], ParentContainsErrorRecordException
    + FullyQualifiedErrorId : ExpectedValueExpression
 
