[2m12:18:36[22m [31m[1m[vite][22m[39m [31m[2m(client)[22m[39m Pre-transform error: [postcss] C:/Users/USER/Desktop/features/Typhoon2-Alpha/frontend/src/styles/zone.css:4781:1: Unknown word >>>>>>>
  Plugin: [35mvite:css[39m
  File: [36mC:/Users/USER/Desktop/features/Typhoon2-Alpha/frontend/src/styles/zone.css[39m:4781:0
[33m  4779|  @media (max-width: 700px) { .zone-artisans-view { width: min(100% - 28px, 1120px); padding-top: 20px; }.zone-artisans-hero, .zone-artisans-brief { align-items: stretch; flex-direction: column; padding: 20px; }.zone-artisans-hero h2 { font-size: 24px; }.zone-artisans-hero-stat { width: fit-content; }.zone-artisans-search { width: 100%; }.zone-artisans-results > header { align-items: flex-start; flex-direction: column; } }
  4780|  .zone-artisans-company-head .zone-artisans-company-avatar { display: flex; align-items: center; justify-content: center; position: relative; overflow: hidden; width: 42px; height: 42px; flex: 0 0 auto; margin-left: 10px; border-radius: 50%; background: var(--md-sys-color-secondary-container); color: var(--md-sys-color-on-secondary-container); font-size: 13px; font-weight: 700; letter-spacing: .03em; user-select: none; }.zone-artisans-company-head .zone-artisans-company-avatar img.zone-artisans-company-logo { position: absolute; inset: 0; width: 100%; height: 100%; object-fit: cover; border-radius: 50%; }
  4781|  >>>>>>> origin/develop
     |  ^
  4782|  [39m
[2m12:18:36[22m [31m[1m[vite][22m[39m [31m[2m(client)[22m[39m Pre-transform error: [postcss] C:/Users/USER/Desktop/features/Typhoon2-Alpha/frontend/src/styles/zone.css:4781:1: Unknown word >>>>>>>
  Plugin: [35mvite:css[39m
  File: [36mC:/Users/USER/Desktop/features/Typhoon2-Alpha/frontend/src/styles/zone.css[39m:4781:0
[33m  4779|  @media (max-width: 700px) { .zone-artisans-view { width: min(100% - 28px, 1120px); padding-top: 20px; }.zone-artisans-hero, .zone-artisans-brief { align-items: stretch; flex-direction: column; padding: 20px; }.zone-artisans-hero h2 { font-size: 24px; }.zone-artisans-hero-stat { width: fit-content; }.zone-artisans-search { width: 100%; }.zone-artisans-results > header { align-items: flex-start; flex-direction: column; } }
  4780|  .zone-artisans-company-head .zone-artisans-company-avatar { display: flex; align-items: center; justify-content: center; position: relative; overflow: hidden; width: 42px; height: 42px; flex: 0 0 auto; margin-left: 10px; border-radius: 50%; background: var(--md-sys-color-secondary-container); color: var(--md-sys-color-on-secondary-container); font-size: 13px; font-weight: 700; letter-spacing: .03em; user-select: none; }.zone-artisans-company-head .zone-artisans-company-avatar img.zone-artisans-company-logo { position: absolute; inset: 0; width: 100%; height: 100%; object-fit: cover; border-radius: 50%; }
  4781|  >>>>>>> origin/develop
     |  ^
  4782|  [39m
[2m12:18:36[22m [31m[1m[vite][22m[39m [31mInternal server error: [postcss] C:/Users/USER/Desktop/features/Typhoon2-Alpha/frontend/src/styles/zone.css:4781:1: Unknown word >>>>>>>[39m
  Plugin: [35mvite:css[39m
  File: [36mC:/Users/USER/Desktop/features/Typhoon2-Alpha/frontend/src/styles/zone.css[39m:4781:0
[33m  4779|  @media (max-width: 700px) { .zone-artisans-view { width: min(100% - 28px, 1120px); padding-top: 20px; }.zone-artisans-hero, .zone-artisans-brief { align-items: stretch; flex-direction: column; padding: 20px; }.zone-artisans-hero h2 { font-size: 24px; }.zone-artisans-hero-stat { width: fit-content; }.zone-artisans-search { width: 100%; }.zone-artisans-results > header { align-items: flex-start; flex-direction: column; } }
  4780|  .zone-artisans-company-head .zone-artisans-company-avatar { display: flex; align-items: center; justify-content: center; position: relative; overflow: hidden; width: 42px; height: 42px; flex: 0 0 auto; margin-left: 10px; border-radius: 50%; background: var(--md-sys-color-secondary-container); color: var(--md-sys-color-on-secondary-container); font-size: 13px; font-weight: 700; letter-spacing: .03em; user-select: none; }.zone-artisans-company-head .zone-artisans-company-avatar img.zone-artisans-company-logo { position: absolute; inset: 0; width: 100%; height: 100%; object-fit: cover; border-radius: 50%; }
  4781|  >>>>>>> origin/develop
     |  ^
  4782|  [39m
      at Input.error (C:\Users\USER\Desktop\features\Typhoon2-Alpha\frontend\node_modules\postcss\lib\input.js:135:16)
      at Parser.unknownWord (C:\Users\USER\Desktop\features\Typhoon2-Alpha\frontend\node_modules\postcss\lib\parser.js:602:22)
      at Parser.other (C:\Users\USER\Desktop\features\Typhoon2-Alpha\frontend\node_modules\postcss\lib\parser.js:444:12)
      at Parser.parse (C:\Users\USER\Desktop\features\Typhoon2-Alpha\frontend\node_modules\postcss\lib\parser.js:479:16)
      at parse (C:\Users\USER\Desktop\features\Typhoon2-Alpha\frontend\node_modules\postcss\lib\parse.js:11:12)
      at new LazyResult (C:\Users\USER\Desktop\features\Typhoon2-Alpha\frontend\node_modules\postcss\lib\lazy-result.js:171:16)
      at Processor.process (C:\Users\USER\Desktop\features\Typhoon2-Alpha\frontend\node_modules\postcss\lib\processor.js:53:14)
      at runPostCSS (file:///C:/Users/USER/Desktop/features/Typhoon2-Alpha/frontend/node_modules/vite/dist/node/chunks/dep-Dm0c1Wj2.js:43983:52)
      at async compilePostCSS (file:///C:/Users/USER/Desktop/features/Typhoon2-Alpha/frontend/node_modules/vite/dist/node/chunks/dep-Dm0c1Wj2.js:43953:18)
      at async compileCSS (file:///C:/Users/USER/Desktop/features/Typhoon2-Alpha/frontend/node_modules/vite/dist/node/chunks/dep-Dm0c1Wj2.js:43808:27)
      at async TransformPluginContext.handler (file:///C:/Users/USER/Desktop/features/Typhoon2-Alpha/frontend/node_modules/vite/dist/node/chunks/dep-Dm0c1Wj2.js:43124:11)
      at async EnvironmentPluginContainer.transform (file:///C:/Users/USER/Desktop/features/Typhoon2-Alpha/frontend/node_modules/vite/dist/node/chunks/dep-Dm0c1Wj2.js:42453:18)
      at async loadAndTransform (file:///C:/Users/USER/Desktop/features/Typhoon2-Alpha/frontend/node_modules/vite/dist/node/chunks/dep-Dm0c1Wj2.js:35845:27)
      at async viteTransformMiddleware (file:///C:/Users/USER/Desktop/features/Typhoon2-Alpha/frontend/node_modules/vite/dist/node/chunks/dep-Dm0c1Wj2.js:37369:24)
[2m12:19:07[22m [31m[1m[vite][22m[39m [31mInternal server error: [postcss] C:/Users/USER/Desktop/features/Typhoon2-Alpha/frontend/src/styles/zone.css:4781:1: Unknown word >>>>>>>[39m
  Plugin: [35mvite:css[39m
  File: [36mC:/Users/USER/Desktop/features/Typhoon2-Alpha/frontend/src/styles/zone.css[39m:4781:0
[33m  4779|  @media (max-width: 700px) { .zone-artisans-view { width: min(100% - 28px, 1120px); padding-top: 20px; }.zone-artisans-hero, .zone-artisans-brief { align-items: stretch; flex-direction: column; padding: 20px; }.zone-artisans-hero h2 { font-size: 24px; }.zone-artisans-hero-stat { width: fit-content; }.zone-artisans-search { width: 100%; }.zone-artisans-results > header { align-items: flex-start; flex-direction: column; } }
  4780|  .zone-artisans-company-head .zone-artisans-company-avatar { display: flex; align-items: center; justify-content: center; position: relative; overflow: hidden; width: 42px; height: 42px; flex: 0 0 auto; margin-left: 10px; border-radius: 50%; background: var(--md-sys-color-secondary-container); color: var(--md-sys-color-on-secondary-container); font-size: 13px; font-weight: 700; letter-spacing: .03em; user-select: none; }.zone-artisans-company-head .zone-artisans-company-avatar img.zone-artisans-company-logo { position: absolute; inset: 0; width: 100%; height: 100%; object-fit: cover; border-radius: 50%; }
  4781|  >>>>>>> origin/develop
     |  ^
  4782|  [39m
      at Input.error (C:\Users\USER\Desktop\features\Typhoon2-Alpha\frontend\node_modules\postcss\lib\input.js:135:16)
      at Parser.unknownWord (C:\Users\USER\Desktop\features\Typhoon2-Alpha\frontend\node_modules\postcss\lib\parser.js:602:22)
      at Parser.other (C:\Users\USER\Desktop\features\Typhoon2-Alpha\frontend\node_modules\postcss\lib\parser.js:444:12)
      at Parser.parse (C:\Users\USER\Desktop\features\Typhoon2-Alpha\frontend\node_modules\postcss\lib\parser.js:479:16)
      at parse (C:\Users\USER\Desktop\features\Typhoon2-Alpha\frontend\node_modules\postcss\lib\parse.js:11:12)
      at new LazyResult (C:\Users\USER\Desktop\features\Typhoon2-Alpha\frontend\node_modules\postcss\lib\lazy-result.js:171:16)
      at Processor.process (C:\Users\USER\Desktop\features\Typhoon2-Alpha\frontend\node_modules\postcss\lib\processor.js:53:14)
      at runPostCSS (file:///C:/Users/USER/Desktop/features/Typhoon2-Alpha/frontend/node_modules/vite/dist/node/chunks/dep-Dm0c1Wj2.js:43983:52)
      at async compilePostCSS (file:///C:/Users/USER/Desktop/features/Typhoon2-Alpha/frontend/node_modules/vite/dist/node/chunks/dep-Dm0c1Wj2.js:43953:18)
      at async compileCSS (file:///C:/Users/USER/Desktop/features/Typhoon2-Alpha/frontend/node_modules/vite/dist/node/chunks/dep-Dm0c1Wj2.js:43808:27)
      at async TransformPluginContext.handler (file:///C:/Users/USER/Desktop/features/Typhoon2-Alpha/frontend/node_modules/vite/dist/node/chunks/dep-Dm0c1Wj2.js:43124:11)
      at async EnvironmentPluginContainer.transform (file:///C:/Users/USER/Desktop/features/Typhoon2-Alpha/frontend/node_modules/vite/dist/node/chunks/dep-Dm0c1Wj2.js:42453:18)
      at async loadAndTransform (file:///C:/Users/USER/Desktop/features/Typhoon2-Alpha/frontend/node_modules/vite/dist/node/chunks/dep-Dm0c1Wj2.js:35845:27)
      at async viteTransformMiddleware (file:///C:/Users/USER/Desktop/features/Typhoon2-Alpha/frontend/node_modules/vite/dist/node/chunks/dep-Dm0c1Wj2.js:37369:24)
[2m12:19:17[22m [31m[1m[vite][22m[39m [31mInternal server error: [postcss] C:/Users/USER/Desktop/features/Typhoon2-Alpha/frontend/src/styles/zone.css:4781:1: Unknown word >>>>>>>[39m
  Plugin: [35mvite:css[39m
  File: [36mC:/Users/USER/Desktop/features/Typhoon2-Alpha/frontend/src/styles/zone.css[39m:4781:0
[33m  4779|  @media (max-width: 700px) { .zone-artisans-view { width: min(100% - 28px, 1120px); padding-top: 20px; }.zone-artisans-hero, .zone-artisans-brief { align-items: stretch; flex-direction: column; padding: 20px; }.zone-artisans-hero h2 { font-size: 24px; }.zone-artisans-hero-stat { width: fit-content; }.zone-artisans-search { width: 100%; }.zone-artisans-results > header { align-items: flex-start; flex-direction: column; } }
  4780|  .zone-artisans-company-head .zone-artisans-company-avatar { display: flex; align-items: center; justify-content: center; position: relative; overflow: hidden; width: 42px; height: 42px; flex: 0 0 auto; margin-left: 10px; border-radius: 50%; background: var(--md-sys-color-secondary-container); color: var(--md-sys-color-on-secondary-container); font-size: 13px; font-weight: 700; letter-spacing: .03em; user-select: none; }.zone-artisans-company-head .zone-artisans-company-avatar img.zone-artisans-company-logo { position: absolute; inset: 0; width: 100%; height: 100%; object-fit: cover; border-radius: 50%; }
  4781|  >>>>>>> origin/develop
     |  ^
  4782|  [39m
      at Input.error (C:\Users\USER\Desktop\features\Typhoon2-Alpha\frontend\node_modules\postcss\lib\input.js:135:16)
      at Parser.unknownWord (C:\Users\USER\Desktop\features\Typhoon2-Alpha\frontend\node_modules\postcss\lib\parser.js:602:22)
      at Parser.other (C:\Users\USER\Desktop\features\Typhoon2-Alpha\frontend\node_modules\postcss\lib\parser.js:444:12)
      at Parser.parse (C:\Users\USER\Desktop\features\Typhoon2-Alpha\frontend\node_modules\postcss\lib\parser.js:479:16)
      at parse (C:\Users\USER\Desktop\features\Typhoon2-Alpha\frontend\node_modules\postcss\lib\parse.js:11:12)
      at new LazyResult (C:\Users\USER\Desktop\features\Typhoon2-Alpha\frontend\node_modules\postcss\lib\lazy-result.js:171:16)
      at Processor.process (C:\Users\USER\Desktop\features\Typhoon2-Alpha\frontend\node_modules\postcss\lib\processor.js:53:14)
      at runPostCSS (file:///C:/Users/USER/Desktop/features/Typhoon2-Alpha/frontend/node_modules/vite/dist/node/chunks/dep-Dm0c1Wj2.js:43983:52)
      at async compilePostCSS (file:///C:/Users/USER/Desktop/features/Typhoon2-Alpha/frontend/node_modules/vite/dist/node/chunks/dep-Dm0c1Wj2.js:43953:18)
      at async compileCSS (file:///C:/Users/USER/Desktop/features/Typhoon2-Alpha/frontend/node_modules/vite/dist/node/chunks/dep-Dm0c1Wj2.js:43808:27)
      at async TransformPluginContext.handler (file:///C:/Users/USER/Desktop/features/Typhoon2-Alpha/frontend/node_modules/vite/dist/node/chunks/dep-Dm0c1Wj2.js:43124:11)
      at async EnvironmentPluginContainer.transform (file:///C:/Users/USER/Desktop/features/Typhoon2-Alpha/frontend/node_modules/vite/dist/node/chunks/dep-Dm0c1Wj2.js:42453:18)
      at async loadAndTransform (file:///C:/Users/USER/Desktop/features/Typhoon2-Alpha/frontend/node_modules/vite/dist/node/chunks/dep-Dm0c1Wj2.js:35845:27)
      at async viteTransformMiddleware (file:///C:/Users/USER/Desktop/features/Typhoon2-Alpha/frontend/node_modules/vite/dist/node/chunks/dep-Dm0c1Wj2.js:37369:24)
[2m12:19:18[22m [31m[1m[vite][22m[39m [31mInternal server error: [postcss] C:/Users/USER/Desktop/features/Typhoon2-Alpha/frontend/src/styles/zone.css:4781:1: Unknown word >>>>>>>[39m
  Plugin: [35mvite:css[39m
  File: [36mC:/Users/USER/Desktop/features/Typhoon2-Alpha/frontend/src/styles/zone.css[39m:4781:0
[33m  4779|  @media (max-width: 700px) { .zone-artisans-view { width: min(100% - 28px, 1120px); padding-top: 20px; }.zone-artisans-hero, .zone-artisans-brief { align-items: stretch; flex-direction: column; padding: 20px; }.zone-artisans-hero h2 { font-size: 24px; }.zone-artisans-hero-stat { width: fit-content; }.zone-artisans-search { width: 100%; }.zone-artisans-results > header { align-items: flex-start; flex-direction: column; } }
  4780|  .zone-artisans-company-head .zone-artisans-company-avatar { display: flex; align-items: center; justify-content: center; position: relative; overflow: hidden; width: 42px; height: 42px; flex: 0 0 auto; margin-left: 10px; border-radius: 50%; background: var(--md-sys-color-secondary-container); color: var(--md-sys-color-on-secondary-container); font-size: 13px; font-weight: 700; letter-spacing: .03em; user-select: none; }.zone-artisans-company-head .zone-artisans-company-avatar img.zone-artisans-company-logo { position: absolute; inset: 0; width: 100%; height: 100%; object-fit: cover; border-radius: 50%; }
  4781|  >>>>>>> origin/develop
     |  ^
  4782|  [39m
      at Input.error (C:\Users\USER\Desktop\features\Typhoon2-Alpha\frontend\node_modules\postcss\lib\input.js:135:16)
      at Parser.unknownWord (C:\Users\USER\Desktop\features\Typhoon2-Alpha\frontend\node_modules\postcss\lib\parser.js:602:22)
      at Parser.other (C:\Users\USER\Desktop\features\Typhoon2-Alpha\frontend\node_modules\postcss\lib\parser.js:444:12)
      at Parser.parse (C:\Users\USER\Desktop\features\Typhoon2-Alpha\frontend\node_modules\postcss\lib\parser.js:479:16)
      at parse (C:\Users\USER\Desktop\features\Typhoon2-Alpha\frontend\node_modules\postcss\lib\parse.js:11:12)
      at new LazyResult (C:\Users\USER\Desktop\features\Typhoon2-Alpha\frontend\node_modules\postcss\lib\lazy-result.js:171:16)
      at Processor.process (C:\Users\USER\Desktop\features\Typhoon2-Alpha\frontend\node_modules\postcss\lib\processor.js:53:14)
      at runPostCSS (file:///C:/Users/USER/Desktop/features/Typhoon2-Alpha/frontend/node_modules/vite/dist/node/chunks/dep-Dm0c1Wj2.js:43983:52)
      at async compilePostCSS (file:///C:/Users/USER/Desktop/features/Typhoon2-Alpha/frontend/node_modules/vite/dist/node/chunks/dep-Dm0c1Wj2.js:43953:18)
      at async compileCSS (file:///C:/Users/USER/Desktop/features/Typhoon2-Alpha/frontend/node_modules/vite/dist/node/chunks/dep-Dm0c1Wj2.js:43808:27)
      at async TransformPluginContext.handler (file:///C:/Users/USER/Desktop/features/Typhoon2-Alpha/frontend/node_modules/vite/dist/node/chunks/dep-Dm0c1Wj2.js:43124:11)
      at async EnvironmentPluginContainer.transform (file:///C:/Users/USER/Desktop/features/Typhoon2-Alpha/frontend/node_modules/vite/dist/node/chunks/dep-Dm0c1Wj2.js:42453:18)
      at async loadAndTransform (file:///C:/Users/USER/Desktop/features/Typhoon2-Alpha/frontend/node_modules/vite/dist/node/chunks/dep-Dm0c1Wj2.js:35845:27)
      at async viteTransformMiddleware (file:///C:/Users/USER/Desktop/features/Typhoon2-Alpha/frontend/node_modules/vite/dist/node/chunks/dep-Dm0c1Wj2.js:37369:24)
[2m12:19:46[22m [31m[1m[vite][22m[39m [31mInternal server error: [postcss] C:/Users/USER/Desktop/features/Typhoon2-Alpha/frontend/src/styles/zone.css:4781:1: Unknown word >>>>>>>[39m
  Plugin: [35mvite:css[39m
  File: [36mC:/Users/USER/Desktop/features/Typhoon2-Alpha/frontend/src/styles/zone.css[39m:4781:0
[33m  4779|  @media (max-width: 700px) { .zone-artisans-view { width: min(100% - 28px, 1120px); padding-top: 20px; }.zone-artisans-hero, .zone-artisans-brief { align-items: stretch; flex-direction: column; padding: 20px; }.zone-artisans-hero h2 { font-size: 24px; }.zone-artisans-hero-stat { width: fit-content; }.zone-artisans-search { width: 100%; }.zone-artisans-results > header { align-items: flex-start; flex-direction: column; } }
  4780|  .zone-artisans-company-head .zone-artisans-company-avatar { display: flex; align-items: center; justify-content: center; position: relative; overflow: hidden; width: 42px; height: 42px; flex: 0 0 auto; margin-left: 10px; border-radius: 50%; background: var(--md-sys-color-secondary-container); color: var(--md-sys-color-on-secondary-container); font-size: 13px; font-weight: 700; letter-spacing: .03em; user-select: none; }.zone-artisans-company-head .zone-artisans-company-avatar img.zone-artisans-company-logo { position: absolute; inset: 0; width: 100%; height: 100%; object-fit: cover; border-radius: 50%; }
  4781|  >>>>>>> origin/develop
     |  ^
  4782|  [39m
      at Input.error (C:\Users\USER\Desktop\features\Typhoon2-Alpha\frontend\node_modules\postcss\lib\input.js:135:16)
      at Parser.unknownWord (C:\Users\USER\Desktop\features\Typhoon2-Alpha\frontend\node_modules\postcss\lib\parser.js:602:22)
      at Parser.other (C:\Users\USER\Desktop\features\Typhoon2-Alpha\frontend\node_modules\postcss\lib\parser.js:444:12)
      at Parser.parse (C:\Users\USER\Desktop\features\Typhoon2-Alpha\frontend\node_modules\postcss\lib\parser.js:479:16)
      at parse (C:\Users\USER\Desktop\features\Typhoon2-Alpha\frontend\node_modules\postcss\lib\parse.js:11:12)
      at new LazyResult (C:\Users\USER\Desktop\features\Typhoon2-Alpha\frontend\node_modules\postcss\lib\lazy-result.js:171:16)
      at Processor.process (C:\Users\USER\Desktop\features\Typhoon2-Alpha\frontend\node_modules\postcss\lib\processor.js:53:14)
      at runPostCSS (file:///C:/Users/USER/Desktop/features/Typhoon2-Alpha/frontend/node_modules/vite/dist/node/chunks/dep-Dm0c1Wj2.js:43983:52)
      at async compilePostCSS (file:///C:/Users/USER/Desktop/features/Typhoon2-Alpha/frontend/node_modules/vite/dist/node/chunks/dep-Dm0c1Wj2.js:43953:18)
      at async compileCSS (file:///C:/Users/USER/Desktop/features/Typhoon2-Alpha/frontend/node_modules/vite/dist/node/chunks/dep-Dm0c1Wj2.js:43808:27)
      at async TransformPluginContext.handler (file:///C:/Users/USER/Desktop/features/Typhoon2-Alpha/frontend/node_modules/vite/dist/node/chunks/dep-Dm0c1Wj2.js:43124:11)
      at async EnvironmentPluginContainer.transform (file:///C:/Users/USER/Desktop/features/Typhoon2-Alpha/frontend/node_modules/vite/dist/node/chunks/dep-Dm0c1Wj2.js:42453:18)
      at async loadAndTransform (file:///C:/Users/USER/Desktop/features/Typhoon2-Alpha/frontend/node_modules/vite/dist/node/chunks/dep-Dm0c1Wj2.js:35845:27)
      at async viteTransformMiddleware (file:///C:/Users/USER/Desktop/features/Typhoon2-Alpha/frontend/node_modules/vite/dist/node/chunks/dep-Dm0c1Wj2.js:37369:24)
[2m12:22:41[22m [31m[1m[vite][22m[39m [31mInternal server error: [postcss] C:/Users/USER/Desktop/features/Typhoon2-Alpha/frontend/src/styles/zone.css:4781:1: Unknown word >>>>>>>[39m
  Plugin: [35mvite:css[39m
  File: [36mC:/Users/USER/Desktop/features/Typhoon2-Alpha/frontend/src/styles/zone.css[39m:4781:0
[33m  4779|  @media (max-width: 700px) { .zone-artisans-view { width: min(100% - 28px, 1120px); padding-top: 20px; }.zone-artisans-hero, .zone-artisans-brief { align-items: stretch; flex-direction: column; padding: 20px; }.zone-artisans-hero h2 { font-size: 24px; }.zone-artisans-hero-stat { width: fit-content; }.zone-artisans-search { width: 100%; }.zone-artisans-results > header { align-items: flex-start; flex-direction: column; } }
  4780|  .zone-artisans-company-head .zone-artisans-company-avatar { display: flex; align-items: center; justify-content: center; position: relative; overflow: hidden; width: 42px; height: 42px; flex: 0 0 auto; margin-left: 10px; border-radius: 50%; background: var(--md-sys-color-secondary-container); color: var(--md-sys-color-on-secondary-container); font-size: 13px; font-weight: 700; letter-spacing: .03em; user-select: none; }.zone-artisans-company-head .zone-artisans-company-avatar img.zone-artisans-company-logo { position: absolute; inset: 0; width: 100%; height: 100%; object-fit: cover; border-radius: 50%; }
  4781|  >>>>>>> origin/develop
     |  ^
  4782|  [39m
      at Input.error (C:\Users\USER\Desktop\features\Typhoon2-Alpha\frontend\node_modules\postcss\lib\input.js:135:16)
      at Parser.unknownWord (C:\Users\USER\Desktop\features\Typhoon2-Alpha\frontend\node_modules\postcss\lib\parser.js:602:22)
      at Parser.other (C:\Users\USER\Desktop\features\Typhoon2-Alpha\frontend\node_modules\postcss\lib\parser.js:444:12)
      at Parser.parse (C:\Users\USER\Desktop\features\Typhoon2-Alpha\frontend\node_modules\postcss\lib\parser.js:479:16)
      at parse (C:\Users\USER\Desktop\features\Typhoon2-Alpha\frontend\node_modules\postcss\lib\parse.js:11:12)
      at new LazyResult (C:\Users\USER\Desktop\features\Typhoon2-Alpha\frontend\node_modules\postcss\lib\lazy-result.js:171:16)
      at Processor.process (C:\Users\USER\Desktop\features\Typhoon2-Alpha\frontend\node_modules\postcss\lib\processor.js:53:14)
      at runPostCSS (file:///C:/Users/USER/Desktop/features/Typhoon2-Alpha/frontend/node_modules/vite/dist/node/chunks/dep-Dm0c1Wj2.js:43983:52)
      at async compilePostCSS (file:///C:/Users/USER/Desktop/features/Typhoon2-Alpha/frontend/node_modules/vite/dist/node/chunks/dep-Dm0c1Wj2.js:43953:18)
      at async compileCSS (file:///C:/Users/USER/Desktop/features/Typhoon2-Alpha/frontend/node_modules/vite/dist/node/chunks/dep-Dm0c1Wj2.js:43808:27)
      at async TransformPluginContext.handler (file:///C:/Users/USER/Desktop/features/Typhoon2-Alpha/frontend/node_modules/vite/dist/node/chunks/dep-Dm0c1Wj2.js:43124:11)
      at async EnvironmentPluginContainer.transform (file:///C:/Users/USER/Desktop/features/Typhoon2-Alpha/frontend/node_modules/vite/dist/node/chunks/dep-Dm0c1Wj2.js:42453:18)
      at async loadAndTransform (file:///C:/Users/USER/Desktop/features/Typhoon2-Alpha/frontend/node_modules/vite/dist/node/chunks/dep-Dm0c1Wj2.js:35845:27)
      at async viteTransformMiddleware (file:///C:/Users/USER/Desktop/features/Typhoon2-Alpha/frontend/node_modules/vite/dist/node/chunks/dep-Dm0c1Wj2.js:37369:24)
